runtime: VirtualAlloc of 65536 bytes failed with errno=1455
fatal error: out of memory
runtime: VirtualAlloc of 65536 bytes failed with errno=1455
fatal error: out of memory

runtime stack:
runtime: VirtualAlloc of 65536 bytes failed with errno=1455
fatal error: out of memory
runtime.throw(runtime: VirtualAlloc of 73728 bytes failed with errno=1455
fatal error: out of memory
{0x12262b8?, 0xc33bf4e000?})
	C:/Program Files/Go/src/runtime/panic.go:1023 +0x65 fp=0xb7dafffc28 sp=0xb7dafffbf8 pc=0x93e705
runtime: VirtualAlloc of 8192 bytes failed with errno=1455
fatal error: out of memory
runtime.sysUsedOS(0xc33bf4a000, 0x10000)
	C:/Program Files/Go/src/runtime/mem_windows.go:83 +0x1bb fp=0xb7dafffc88 sp=0xb7dafffc28 pc=0x91c49b
runtime: VirtualAlloc of 65536 bytes failed with errno=1455
fatal error: out of memory
runtime: VirtualAlloc of 65536 bytes failed with errno=1455
fatal error: out of memory
runtime.sysUsed(...)
	C:/Program Files/Go/src/runtime/mem.go:77
runtime: VirtualAlloc of 8192 bytes failed with errno=1455
fatal error: out of memory
runtime.(*mheap).allocSpan(0x18c8d80, 0x8, 0x0, 0x1)
	C:/Program Files/Go/src/runtime/mheap.go:1347 +0x487 fp=0xb7dafffd28 sp=0xb7dafffc88 pc=0x92e947
runtime.(*mheap).alloc.func1()
	C:/Program Files/Go/src/runtime/mheap.go:964 +0x5c fp=0xb7dafffd70 sp=0xb7dafffd28 pc=0x92e0fc
runtime: VirtualAlloc of 73728 bytes failed with errno=1455
fatal error: out of memory
runtime: VirtualAlloc of 65536 bytes failed with errno=1455
fatal error: out of memory
runtime: VirtualAlloc of 73728 bytes failed with errno=1455
fatal error: out of memory
runtime: VirtualAlloc of 65536 bytes failed with errno=1455
fatal error: out of memory
runtime.systemstack(0xc000604000)
	C:/Program Files/Go/src/runtime/asm_amd64.s:509 +0x49 fp=0xb7dafffd80 sp=0xb7dafffd70 pc=0x96fe89

goroutine 92 gp=0xc000105500 m=10 mp=0xc000600008 [running]:
runtime.systemstack_switch()
	C:/Program Files/Go/src/runtime/asm_amd64.s:474 +0x8 fp=0xc000219c80 sp=0xc000219c70 pc=0x96fe28
runtime.(*mheap).alloc(0x6?, 0xc000105500?, 0x5?)
	C:/Program Files/Go/src/runtime/mheap.go:958 +0x5b fp=0xc000219cc8 sp=0xc000219c80 pc=0x92e05b
runtime.(*mcache).allocLarge(0x11?, 0x10000, 0x1)
	C:/Program Files/Go/src/runtime/mcache.go:234 +0x87 fp=0xc000219d18 sp=0xc000219cc8 pc=0x91b227
runtime.mallocgc(0x10000, 0x0, 0x0)
	C:/Program Files/Go/src/runtime/malloc.go:1165 +0x597 fp=0xc000219da0 sp=0xc000219d18 pc=0x911cd7
runtime.growslice(0xc33bf06000, 0x0?, 0x0?, 0xc0002d50b8?, 0x0?)
	C:/Program Files/Go/src/runtime/slice.go:242 +0x55b fp=0xc000219e10 sp=0xc000219da0 pc=0x954dfb
github.com/valyala/bytebufferpool.(*ByteBuffer).Write(0xc000685428, {0xc29bee6000, 0x10000, 0x1895001?})
	C:/Users/user/go/pkg/mod/github.com/valyala/bytebufferpool@v1.0.0/bytebuffer.go:73 +0x57 fp=0xc000219e60 sp=0xc000219e10 pc=0xc6f4d7
github.com/panjf2000/gnet/v2.unpackTCPConn(0xc32a5ff320)
	C:/Users/user/go/pkg/mod/github.com/panjf2000/gnet/v2@v2.9.7/connection_windows.go:75 +0x36 fp=0xc000219e90 sp=0xc000219e60 pc=0xc70ff6
github.com/panjf2000/gnet/v2.(*eventloop).run(0xc00019e800)
	C:/Users/user/go/pkg/mod/github.com/panjf2000/gnet/v2@v2.9.7/eventloop_windows.go:170 +0x185 fp=0xc000219f60 sp=0xc000219e90 pc=0xc762a5
github.com/panjf2000/gnet/v2.(*eventloop).run-fm()
	<autogenerated>:1 +0x25 fp=0xc000219f78 sp=0xc000219f60 pc=0xc7a725
golang.org/x/sync/errgroup.(*Group).Go.func1()
	C:/Users/user/go/pkg/mod/golang.org/x/sync@v0.11.0/errgroup/errgroup.go:78 +0x56 fp=0xc000219fe0 sp=0xc000219f78 pc=0xa5efb6
