runtime: VirtualAlloc of 8192 bytes failed with errno=1455
runtime: VirtualAlloc of 8192 bytes failed with errno=1455
fatal error: out of memory
fatal error: out of memory

runtime stack:
runtime: VirtualAlloc of 8192 bytes failed with errno=1455
fatal error: out of memory
runtime.throw(runtime: VirtualAlloc of 8192 bytes failed with errno=1455
fatal error: out of memory
{0x791a55?, 0xc208432000?})
	C:/Program Files/Go/src/runtime/panic.go:1023 +0x65 fp=0x2f585ff658 sp=0x2f585ff628 pc=0x9da65
runtime: VirtualAlloc of 8192 bytes failed with errno=1455
fatal error: out of memory
runtime.sysUsedOS(0xc208432000, 0x2000)
	C:/Program Files/Go/src/runtime/mem_windows.go:83 +0x1bb fp=0x2f585ff6b8 sp=0x2f585ff658 pc=0x7c43b
runtime: VirtualAlloc of 32768 bytes failed with errno=1455
fatal error: out of memory
runtime: VirtualAlloc of 8192 bytes failed with errno=1455
fatal error: out of memory
runtime: VirtualAlloc of 8192 bytes failed with errno=1455
fatal error: out of memory
runtime: VirtualAlloc of 8192 bytes failed with errno=1455
fatal error: out of memory
runtime.sysUsed(...)
	C:/Program Files/Go/src/runtime/mem.go:77
runtime.(*mheap).allocSpan(0xce2e60, 0x1, 0x0, 0xb)
	C:/Program Files/Go/src/runtime/mheap.go:1347 +0x487 fp=0x2f585ff758 sp=0x2f585ff6b8 pc=0x8e8c7
runtime.(*mheap).alloc.func1()
	C:/Program Files/Go/src/runtime/mheap.go:964 +0x5c fp=0x2f585ff7a0 sp=0x2f585ff758 pc=0x8e07c
runtime.systemstack(0xc001ca0a80)
	C:/Program Files/Go/src/runtime/asm_amd64.s:509 +0x49 fp=0x2f585ff7b0 sp=0x2f585ff7a0 pc=0xcef89

goroutine 689 gp=0xc00009fc00 m=15 mp=0xc000e81808 [running]:
runtime.systemstack_switch()
	C:/Program Files/Go/src/runtime/asm_amd64.s:474 +0x8 fp=0xc000f4f9c0 sp=0xc000f4f9b0 pc=0xcef28
runtime.(*mheap).alloc(0x0?, 0xc00009fc00?, 0x0?)
	C:/Program Files/Go/src/runtime/mheap.go:958 +0x5b fp=0xc000f4fa08 sp=0xc000f4f9c0 pc=0x8dfdb
runtime.(*mcentral).grow(0x997d00002000?)
	C:/Program Files/Go/src/runtime/mcentral.go:254 +0x52 fp=0xc000f4fa48 sp=0xc000f4fa08 pc=0x7bbb2
runtime.(*mcentral).cacheSpan(0xcf3b20)
	C:/Program Files/Go/src/runtime/mcentral.go:170 +0x418 fp=0xc000f4fac0 sp=0xc000f4fa48 pc=0x7ba18
runtime.(*mcache).refill(0x16c10430a28, 0xb?)
	C:/Program Files/Go/src/runtime/mcache.go:182 +0x153 fp=0xc000f4fb00 sp=0xc000f4fac0 pc=0x7b033
runtime.(*mcache).nextFree(0x16c10430a28, 0xb)
	C:/Program Files/Go/src/runtime/malloc.go:948 +0x85 fp=0xc000f4fb38 sp=0xc000f4fb00 pc=0x71565
runtime.mallocgc(0x28, 0x68be40, 0x1)
	C:/Program Files/Go/src/runtime/malloc.go:1149 +0x4a5 fp=0xc000f4fbc0 sp=0xc000f4fb38 pc=0x71b85
runtime.makeslice(0x875c38?, 0xc208431ea0?, 0xc000f4fc20?)
	C:/Program Files/Go/src/runtime/slice.go:107 +0x49 fp=0xc000f4fbe8 sp=0xc000f4fbc0 pc=0xb3b69
